------------------------------------------------------------
TimeQuest Timing Analyzer Summary
------------------------------------------------------------

Type  : Slow 1200mV 85C Model Setup 'clk'
Slack : -3.846
TNS   : -198.943

Type  : Slow 1200mV 85C Model Setup 'Clock_divider:comb_4|clock_out'
Slack : -2.096
TNS   : -41.609

Type  : Slow 1200mV 85C Model Hold 'Clock_divider:comb_4|clock_out'
Slack : 0.211
TNS   : 0.000

Type  : Slow 1200mV 85C Model Hold 'clk'
Slack : 0.453
TNS   : 0.000

Type  : Slow 1200mV 85C Model Minimum Pulse Width 'clk'
Slack : -3.000
TNS   : -107.090

Type  : Slow 1200mV 85C Model Minimum Pulse Width 'Clock_divider:comb_4|clock_out'
Slack : -1.487
TNS   : -38.662

Type  : Slow 1200mV 0C Model Setup 'clk'
Slack : -3.482
TNS   : -176.221

Type  : Slow 1200mV 0C Model Setup 'Clock_divider:comb_4|clock_out'
Slack : -1.854
TNS   : -36.412

Type  : Slow 1200mV 0C Model Hold 'Clock_divider:comb_4|clock_out'
Slack : 0.091
TNS   : 0.000

Type  : Slow 1200mV 0C Model Hold 'clk'
Slack : 0.401
TNS   : 0.000

Type  : Slow 1200mV 0C Model Minimum Pulse Width 'clk'
Slack : -3.000
TNS   : -107.090

Type  : Slow 1200mV 0C Model Minimum Pulse Width 'Clock_divider:comb_4|clock_out'
Slack : -1.487
TNS   : -38.662

Type  : Fast 1200mV 0C Model Setup 'clk'
Slack : -1.033
TNS   : -45.096

Type  : Fast 1200mV 0C Model Setup 'Clock_divider:comb_4|clock_out'
Slack : -0.302
TNS   : -3.239

Type  : Fast 1200mV 0C Model Hold 'Clock_divider:comb_4|clock_out'
Slack : 0.016
TNS   : 0.000

Type  : Fast 1200mV 0C Model Hold 'clk'
Slack : 0.186
TNS   : 0.000

Type  : Fast 1200mV 0C Model Minimum Pulse Width 'clk'
Slack : -3.000
TNS   : -93.768

Type  : Fast 1200mV 0C Model Minimum Pulse Width 'Clock_divider:comb_4|clock_out'
Slack : -1.000
TNS   : -26.000

------------------------------------------------------------
