------------------------------------------------------------
TimeQuest Timing Analyzer Summary
------------------------------------------------------------

Type  : Slow 1200mV 85C Model Setup 'clk'
Slack : -4.424
TNS   : -95.077

Type  : Slow 1200mV 85C Model Setup 'clk2'
Slack : -0.404
TNS   : -1.514

Type  : Slow 1200mV 85C Model Hold 'clk'
Slack : -0.010
TNS   : -0.010

Type  : Slow 1200mV 85C Model Hold 'clk2'
Slack : 0.452
TNS   : 0.000

Type  : Slow 1200mV 85C Model Minimum Pulse Width 'clk'
Slack : -3.000
TNS   : -52.071

Type  : Slow 1200mV 85C Model Minimum Pulse Width 'clk2'
Slack : -1.487
TNS   : -8.922

Type  : Slow 1200mV 0C Model Setup 'clk'
Slack : -4.118
TNS   : -84.456

Type  : Slow 1200mV 0C Model Setup 'clk2'
Slack : -0.259
TNS   : -0.905

Type  : Slow 1200mV 0C Model Hold 'clk'
Slack : 0.035
TNS   : 0.000

Type  : Slow 1200mV 0C Model Hold 'clk2'
Slack : 0.402
TNS   : 0.000

Type  : Slow 1200mV 0C Model Minimum Pulse Width 'clk'
Slack : -3.000
TNS   : -52.071

Type  : Slow 1200mV 0C Model Minimum Pulse Width 'clk2'
Slack : -1.487
TNS   : -8.922

Type  : Fast 1200mV 0C Model Setup 'clk'
Slack : -1.289
TNS   : -21.987

Type  : Fast 1200mV 0C Model Setup 'clk2'
Slack : 0.381
TNS   : 0.000

Type  : Fast 1200mV 0C Model Hold 'clk'
Slack : -0.103
TNS   : -0.103

Type  : Fast 1200mV 0C Model Hold 'clk2'
Slack : 0.187
TNS   : 0.000

Type  : Fast 1200mV 0C Model Minimum Pulse Width 'clk'
Slack : -3.000
TNS   : -45.792

Type  : Fast 1200mV 0C Model Minimum Pulse Width 'clk2'
Slack : -1.000
TNS   : -6.000

------------------------------------------------------------
